stm32f3xx_hal_hrtim.c:606:13:HAL_HRTIM_MspInit	0	static
stm32f3xx_hal_hrtim.c:477:19:HAL_HRTIM_Init	16	static
stm32f3xx_hal_hrtim.c:621:13:HAL_HRTIM_MspDeInit	0	static
stm32f3xx_hal_hrtim.c:579:19:HAL_HRTIM_DeInit	8	static
stm32f3xx_hal_hrtim.c:646:19:HAL_HRTIM_DLLCalibrationStart	4	static
stm32f3xx_hal_hrtim.c:700:19:HAL_HRTIM_DLLCalibrationStart_IT	4	static
stm32f3xx_hal_hrtim.c:745:19:HAL_HRTIM_PollForDLLCalibration	16	static
stm32f3xx_hal_hrtim.c:794:19:HAL_HRTIM_TimeBaseConfig	16	static
stm32f3xx_hal_hrtim.c:865:19:HAL_HRTIM_SimpleBaseStart	4	static
stm32f3xx_hal_hrtim.c:900:19:HAL_HRTIM_SimpleBaseStop	0	static
stm32f3xx_hal_hrtim.c:936:19:HAL_HRTIM_SimpleBaseStart_IT	8	static
stm32f3xx_hal_hrtim.c:982:19:HAL_HRTIM_SimpleBaseStop_IT	4	static
stm32f3xx_hal_hrtim.c:1031:19:HAL_HRTIM_SimpleBaseStart_DMA	24	static
stm32f3xx_hal_hrtim.c:1125:19:HAL_HRTIM_SimpleBaseStop_DMA	16	static
stm32f3xx_hal_hrtim.c:1244:19:HAL_HRTIM_SimpleOCChannelConfig	20	static
stm32f3xx_hal_hrtim.c:1389:19:HAL_HRTIM_SimpleOCStart	8	static
stm32f3xx_hal_hrtim.c:1439:19:HAL_HRTIM_SimpleOCStop	8	static
stm32f3xx_hal_hrtim.c:1494:19:HAL_HRTIM_SimpleOCStart_IT	16	static
stm32f3xx_hal_hrtim.c:1553:19:HAL_HRTIM_SimpleOCStop_IT	12	static
stm32f3xx_hal_hrtim.c:1620:19:HAL_HRTIM_SimpleOCStart_DMA	16	static
stm32f3xx_hal_hrtim.c:1719:19:HAL_HRTIM_SimpleOCStop_DMA	16	static
stm32f3xx_hal_hrtim.c:1832:19:HAL_HRTIM_SimplePWMChannelConfig	20	static
stm32f3xx_hal_hrtim.c:1951:19:HAL_HRTIM_SimplePWMStart	8	static
stm32f3xx_hal_hrtim.c:2001:19:HAL_HRTIM_SimplePWMStop	8	static
stm32f3xx_hal_hrtim.c:2052:19:HAL_HRTIM_SimplePWMStart_IT	8	static
stm32f3xx_hal_hrtim.c:2128:19:HAL_HRTIM_SimplePWMStop_IT	8	static
stm32f3xx_hal_hrtim.c:2208:19:HAL_HRTIM_SimplePWMStart_DMA	24	static
stm32f3xx_hal_hrtim.c:2325:19:HAL_HRTIM_SimplePWMStop_DMA	16	static
stm32f3xx_hal_hrtim.c:2441:19:HAL_HRTIM_SimpleCaptureChannelConfig	28	static
stm32f3xx_hal_hrtim.c:2512:19:HAL_HRTIM_SimpleCaptureStart	4	static
stm32f3xx_hal_hrtim.c:2569:19:HAL_HRTIM_SimpleCaptureStop	8	static
stm32f3xx_hal_hrtim.c:2631:19:HAL_HRTIM_SimpleCaptureStart_IT	4	static
stm32f3xx_hal_hrtim.c:2695:19:HAL_HRTIM_SimpleCaptureStop_IT	8	static
stm32f3xx_hal_hrtim.c:2767:19:HAL_HRTIM_SimpleCaptureStart_DMA	24	static
stm32f3xx_hal_hrtim.c:2858:19:HAL_HRTIM_SimpleCaptureStop_DMA	16	static
stm32f3xx_hal_hrtim.c:2990:19:HAL_HRTIM_SimpleOnePulseChannelConfig	24	static
stm32f3xx_hal_hrtim.c:3126:19:HAL_HRTIM_SimpleOnePulseStart	8	static
stm32f3xx_hal_hrtim.c:3176:19:HAL_HRTIM_SimpleOnePulseStop	8	static
stm32f3xx_hal_hrtim.c:3227:19:HAL_HRTIM_SimpleOnePulseStart_IT	8	static
stm32f3xx_hal_hrtim.c:3303:19:HAL_HRTIM_SimpleOnePulseStop_IT	8	static
stm32f3xx_hal_hrtim.c:3386:19:HAL_HRTIM_BurstModeConfig	16	static
stm32f3xx_hal_hrtim.c:3466:19:HAL_HRTIM_EventConfig	20	static
stm32f3xx_hal_hrtim.c:3510:19:HAL_HRTIM_EventPrescalerConfig	8	static
stm32f3xx_hal_hrtim.c:3559:19:HAL_HRTIM_FaultConfig	20	static
stm32f3xx_hal_hrtim.c:3663:19:HAL_HRTIM_FaultPrescalerConfig	8	static
stm32f3xx_hal_hrtim.c:3713:6:HAL_HRTIM_FaultModeCtl	4	static
stm32f3xx_hal_hrtim.c:3773:19:HAL_HRTIM_ADCTriggerConfig	8	static
stm32f3xx_hal_hrtim.c:3909:19:HAL_HRTIM_WaveformTimerConfig	32	static
stm32f3xx_hal_hrtim.c:4010:19:HAL_HRTIM_TimerEventFilteringConfig	8	static
stm32f3xx_hal_hrtim.c:4148:19:HAL_HRTIM_DeadTimeConfig	16	static
stm32f3xx_hal_hrtim.c:4217:19:HAL_HRTIM_ChopperModeConfig	12	static
stm32f3xx_hal_hrtim.c:4297:19:HAL_HRTIM_BurstDMAConfig	4	static
stm32f3xx_hal_hrtim.c:4386:19:HAL_HRTIM_WaveformCompareConfig	8	static
stm32f3xx_hal_hrtim.c:4535:19:HAL_HRTIM_WaveformCaptureConfig	8	static
stm32f3xx_hal_hrtim.c:4605:19:HAL_HRTIM_WaveformOutputConfig	20	static
stm32f3xx_hal_hrtim.c:4673:19:HAL_HRTIM_WaveformSetOutputLevel	8	static
stm32f3xx_hal_hrtim.c:4761:19:HAL_HRTIM_WaveformOutputStart	4	static
stm32f3xx_hal_hrtim.c:4801:19:HAL_HRTIM_WaveformOutputStop	4	static
stm32f3xx_hal_hrtim.c:4837:19:HAL_HRTIM_WaveformCounterStart	4	static
stm32f3xx_hal_hrtim.c:4874:19:HAL_HRTIM_WaveformCounterStop	4	static
stm32f3xx_hal_hrtim.c:4914:19:HAL_HRTIM_WaveformCounterStart_IT	8	static
stm32f3xx_hal_hrtim.c:4976:19:HAL_HRTIM_WaveformCounterStop_IT	16	static
stm32f3xx_hal_hrtim.c:5048:19:HAL_HRTIM_WaveformCounterStart_DMA	40	static
stm32f3xx_hal_hrtim.c:5153:19:HAL_HRTIM_WaveformCounterStop_DMA	32	static
stm32f3xx_hal_hrtim.c:5228:19:HAL_HRTIM_BurstModeCtl	8	static
stm32f3xx_hal_hrtim.c:5267:19:HAL_HRTIM_BurstModeSoftwareTrigger	4	static
stm32f3xx_hal_hrtim.c:5308:19:HAL_HRTIM_SoftwareCapture	4	static
stm32f3xx_hal_hrtim.c:5366:19:HAL_HRTIM_SoftwareUpdate	8	static
stm32f3xx_hal_hrtim.c:5408:19:HAL_HRTIM_SoftwareReset	8	static
stm32f3xx_hal_hrtim.c:5459:19:HAL_HRTIM_BurstDMATransfer	16	static
stm32f3xx_hal_hrtim.c:5535:19:HAL_HRTIM_UpdateEnable	4	static
stm32f3xx_hal_hrtim.c:5571:19:HAL_HRTIM_UpdateDisable	4	static
stm32f3xx_hal_hrtim.c:5623:24:HAL_HRTIM_GetState	0	static
stm32f3xx_hal_hrtim.c:5645:10:HAL_HRTIM_GetCapturedValue	0	static
stm32f3xx_hal_hrtim.c:5702:10:HAL_HRTIM_WaveformGetOutputLevel	0	static
stm32f3xx_hal_hrtim.c:5777:10:HAL_HRTIM_WaveformGetOutputState	0	static
stm32f3xx_hal_hrtim.c:5891:10:HAL_HRTIM_GetDelayedProtectionStatus	0	static
stm32f3xx_hal_hrtim.c:5951:10:HAL_HRTIM_GetBurstStatus	0	static
stm32f3xx_hal_hrtim.c:5974:10:HAL_HRTIM_GetCurrentPushPullStatus	0	static
stm32f3xx_hal_hrtim.c:6002:10:HAL_HRTIM_GetIdlePushPullStatus	0	static
stm32f3xx_hal_hrtim.c:6111:13:HAL_HRTIM_Fault1Callback	0	static
stm32f3xx_hal_hrtim.c:6126:13:HAL_HRTIM_Fault2Callback	0	static
stm32f3xx_hal_hrtim.c:6141:13:HAL_HRTIM_Fault3Callback	0	static
stm32f3xx_hal_hrtim.c:6156:13:HAL_HRTIM_Fault4Callback	0	static
stm32f3xx_hal_hrtim.c:6171:13:HAL_HRTIM_Fault5Callback	0	static
stm32f3xx_hal_hrtim.c:6186:13:HAL_HRTIM_SystemFaultCallback	0	static
stm32f3xx_hal_hrtim.c:6201:13:HAL_HRTIM_DLLCalbrationReadyCallback	0	static
stm32f3xx_hal_hrtim.c:6216:13:HAL_HRTIM_BurstModePeriodCallback	0	static
stm32f3xx_hal_hrtim.c:6231:13:HAL_HRTIM_SynchronizationEventCallback	0	static
stm32f3xx_hal_hrtim.c:6254:13:HAL_HRTIM_RegistersUpdateCallback	0	static
stm32f3xx_hal_hrtim.c:6279:13:HAL_HRTIM_RepetitionEventCallback	0	static
stm32f3xx_hal_hrtim.c:6305:13:HAL_HRTIM_Compare1EventCallback	0	static
stm32f3xx_hal_hrtim.c:6331:13:HAL_HRTIM_Compare2EventCallback	0	static
stm32f3xx_hal_hrtim.c:6357:13:HAL_HRTIM_Compare3EventCallback	0	static
stm32f3xx_hal_hrtim.c:6383:13:HAL_HRTIM_Compare4EventCallback	0	static
stm32f3xx_hal_hrtim.c:8092:13:HRTIM_DMAMasterCplt	8	static
stm32f3xx_hal_hrtim.c:6407:13:HAL_HRTIM_Capture1EventCallback	0	static
stm32f3xx_hal_hrtim.c:6431:13:HAL_HRTIM_Capture2EventCallback	0	static
stm32f3xx_hal_hrtim.c:6456:13:HAL_HRTIM_DelayedProtectionCallback	0	static
stm32f3xx_hal_hrtim.c:6481:13:HAL_HRTIM_CounterResetCallback	0	static
stm32f3xx_hal_hrtim.c:6505:13:HAL_HRTIM_Output1SetCallback	0	static
stm32f3xx_hal_hrtim.c:6529:13:HAL_HRTIM_Output1ResetCallback	0	static
stm32f3xx_hal_hrtim.c:6553:13:HAL_HRTIM_Output2SetCallback	0	static
stm32f3xx_hal_hrtim.c:6577:13:HAL_HRTIM_Output2ResetCallback	0	static
stm32f3xx_hal_hrtim.c:8131:13:HRTIM_DMATimerxCplt	16	static
stm32f3xx_hal_hrtim.c:6085:6:HAL_HRTIM_IRQHandler	24	static
stm32f3xx_hal_hrtim.c:6602:13:HAL_HRTIM_BurstDMATransferCallback	0	static
stm32f3xx_hal_hrtim.c:8217:13:HRTIM_BurstDMACplt	8	static
stm32f3xx_hal_hrtim.c:6619:13:HAL_HRTIM_ErrorCallback	0	static
stm32f3xx_hal_hrtim.c:8205:13:HRTIM_DMAError	8	static
