Archive member included to satisfy reference by file (symbol)

c:/program files (x86)/atollic/truestudio for stm32 9.2.0/armtools/bin/../lib/gcc/arm-atollic-eabi/6.3.1/../../../../arm-atollic-eabi/lib/armv7e-m/fpu\libc_nano.a(lib_a-init.o)
                              Example\SW4STM32\startup_stm32f334x8.o (__libc_init_array)

Allocating common symbols
Common symbol       size              file

uwTick              0x4               Drivers\STM32F3xx_HAL_Driver\stm32f3xx_hal.o
pFlash              0x20              Drivers\STM32F3xx_HAL_Driver\stm32f3xx_hal_flash.o
Vout                0x4               Example\User\main.o
AdcHandle           0x54              Example\User\main.o
hhrtim              0xdc              Example\User\main.o
Vin                 0x4               Example\User\main.o

Discarded input sections

 .text          0x00000000        0x0 c:/program files (x86)/atollic/truestudio for stm32 9.2.0/armtools/bin/../lib/gcc/arm-atollic-eabi/6.3.1/armv7e-m/fpu/crti.o
 .data          0x00000000        0x0 c:/program files (x86)/atollic/truestudio for stm32 9.2.0/armtools/bin/../lib/gcc/arm-atollic-eabi/6.3.1/armv7e-m/fpu/crti.o
 .bss           0x00000000        0x0 c:/program files (x86)/atollic/truestudio for stm32 9.2.0/armtools/bin/../lib/gcc/arm-atollic-eabi/6.3.1/armv7e-m/fpu/crti.o
 .data          0x00000000        0x4 c:/program files (x86)/atollic/truestudio for stm32 9.2.0/armtools/bin/../lib/gcc/arm-atollic-eabi/6.3.1/armv7e-m/fpu/crtbegin.o
 .group         0x00000000        0x8 Drivers\BSP\STM32F3348-Discovery\stm32f3348_discovery.o
 .group         0x00000000        0x8 Drivers\BSP\STM32F3348-Discovery\stm32f3348_discovery.o
 .group         0x00000000        0x8 Drivers\BSP\STM32F3348-Discovery\stm32f3348_discovery.o
 .group         0x00000000        0x8 Drivers\BSP\STM32F3348-Discovery\stm32f3348_discovery.o
 .group         0x00000000        0x8 Drivers\BSP\STM32F3348-Discovery\stm32f3348_discovery.o
 .group         0x00000000        0x8 Drivers\BSP\STM32F3348-Discovery\stm32f3348_discovery.o
 .group         0x00000000        0x8 Drivers\BSP\STM32F3348-Discovery\stm32f3348_discovery.o
 .group         0x00000000        0x8 Drivers\BSP\STM32F3348-Discovery\stm32f3348_discovery.o
 .group         0x00000000        0x8 Drivers\BSP\STM32F3348-Discovery\stm32f3348_discovery.o
 .group         0x00000000        0x8 Drivers\BSP\STM32F3348-Discovery\stm32f3348_discovery.o
 .group         0x00000000        0x8 Drivers\BSP\STM32F3348-Discovery\stm32f3348_discovery.o
 .group         0x00000000        0x8 Drivers\BSP\STM32F3348-Discovery\stm32f3348_discovery.o
 .group         0x00000000        0x8 Drivers\BSP\STM32F3348-Discovery\stm32f3348_discovery.o
 .group         0x00000000        0x8 Drivers\BSP\STM32F3348-Discovery\stm32f3348_discovery.o
 .group         0x00000000        0x8 Drivers\BSP\STM32F3348-Discovery\stm32f3348_discovery.o
 .group         0x00000000        0x8 Drivers\BSP\STM32F3348-Discovery\stm32f3348_discovery.o
 .group         0x00000000        0x8 Drivers\BSP\STM32F3348-Discovery\stm32f3348_discovery.o
 .group         0x00000000        0x8 Drivers\BSP\STM32F3348-Discovery\stm32f3348_discovery.o
 .group         0x00000000        0x8 Drivers\BSP\STM32F3348-Discovery\stm32f3348_discovery.o
 .group         0x00000000        0x8 Drivers\BSP\STM32F3348-Discovery\stm32f3348_discovery.o
 .group         0x00000000        0x8 Drivers\BSP\STM32F3348-Discovery\stm32f3348_discovery.o
 .group         0x00000000        0x8 Drivers\BSP\STM32F3348-Discovery\stm32f3348_discovery.o
 .group         0x00000000        0x8 Drivers\BSP\STM32F3348-Discovery\stm32f3348_discovery.o
 .group         0x00000000        0x8 Drivers\BSP\STM32F3348-Discovery\stm32f3348_discovery.o
 .group         0x00000000        0x8 Drivers\BSP\STM32F3348-Discovery\stm32f3348_discovery.o
 .group         0x00000000        0x8 Drivers\BSP\STM32F3348-Discovery\stm32f3348_discovery.o
 .group         0x00000000        0x8 Drivers\BSP\STM32F3348-Discovery\stm32f3348_discovery.o
 .group         0x00000000        0x8 Drivers\BSP\STM32F3348-Discovery\stm32f3348_discovery.o
 .group         0x00000000        0x8 Drivers\BSP\STM32F3348-Discovery\stm32f3348_discovery.o
 .group         0x00000000        0x8 Drivers\BSP\STM32F3348-Discovery\stm32f3348_discovery.o
 .group         0x00000000        0x8 Drivers\BSP\STM32F3348-Discovery\stm32f3348_discovery.o
 .group         0x00000000        0x8 Drivers\BSP\STM32F3348-Discovery\stm32f3348_discovery.o
 .group         0x00000000        0x8 Drivers\BSP\STM32F3348-Discovery\stm32f3348_discovery.o
 .group         0x00000000        0x8 Drivers\BSP\STM32F3348-Discovery\stm32f3348_discovery.o
 .group         0x00000000        0x8 Drivers\BSP\STM32F3348-Discovery\stm32f3348_discovery.o
 .group         0x00000000        0x8 Drivers\BSP\STM32F3348-Discovery\stm32f3348_discovery.o
[...]
Memory Configuration

Name             Origin             Length             Attributes
FLASH            0x08000000         0x00010000         xr
RAM              0x20000000         0x00003000         xrw
CCMRAM           0x10000000         0x00001000         rw
*default*        0x00000000         0xffffffff

Linker script and memory map

LOAD c:/program files (x86)/atollic/truestudio for stm32 9.2.0/armtools/bin/../lib/gcc/arm-atollic-eabi/6.3.1/armv7e-m/fpu/crti.o
LOAD c:/program files (x86)/atollic/truestudio for stm32 9.2.0/armtools/bin/../lib/gcc/arm-atollic-eabi/6.3.1/armv7e-m/fpu/crtbegin.o
LOAD Drivers\BSP\STM32F3348-Discovery\stm32f3348_discovery.o
LOAD Drivers\CMSIS\system_stm32f3xx.o
LOAD Drivers\STM32F3xx_HAL_Driver\stm32f3xx_hal.o
LOAD Drivers\STM32F3xx_HAL_Driver\stm32f3xx_hal_adc.o
LOAD Drivers\STM32F3xx_HAL_Driver\stm32f3xx_hal_adc_ex.o
LOAD Drivers\STM32F3xx_HAL_Driver\stm32f3xx_hal_cortex.o
LOAD Drivers\STM32F3xx_HAL_Driver\stm32f3xx_hal_dma.o
LOAD Drivers\STM32F3xx_HAL_Driver\stm32f3xx_hal_flash.o
LOAD Drivers\STM32F3xx_HAL_Driver\stm32f3xx_hal_gpio.o
LOAD Drivers\STM32F3xx_HAL_Driver\stm32f3xx_hal_hrtim.o
LOAD Drivers\STM32F3xx_HAL_Driver\stm32f3xx_hal_pwr.o
LOAD Drivers\STM32F3xx_HAL_Driver\stm32f3xx_hal_pwr_ex.o
LOAD Drivers\STM32F3xx_HAL_Driver\stm32f3xx_hal_rcc.o
LOAD Drivers\STM32F3xx_HAL_Driver\stm32f3xx_hal_rcc_ex.o
LOAD Drivers\STM32F3xx_HAL_Driver\stm32f3xx_hal_spi.o
LOAD Example\SW4STM32\startup_stm32f334x8.o
LOAD Example\User\main.o
LOAD Example\User\stm32f3xx_hal_msp.o
LOAD Example\User\stm32f3xx_it.o
                0x00000080                malloc_getpagesize_P = 0x80
START GROUP
LOAD c:/program files (x86)/atollic/truestudio for stm32 9.2.0/armtools/bin/../lib/gcc/arm-atollic-eabi/6.3.1/../../../../arm-atollic-eabi/lib/armv7e-m/fpu\libc_nano.a
LOAD c:/program files (x86)/atollic/truestudio for stm32 9.2.0/armtools/bin/../lib/gcc/arm-atollic-eabi/6.3.1/../../../../arm-atollic-eabi/lib/armv7e-m/fpu\libm.a
END GROUP
START GROUP
LOAD c:/program files (x86)/atollic/truestudio for stm32 9.2.0/armtools/bin/../lib/gcc/arm-atollic-eabi/6.3.1/armv7e-m/fpu\libgcc.a
LOAD c:/program files (x86)/atollic/truestudio for stm32 9.2.0/armtools/bin/../lib/gcc/arm-atollic-eabi/6.3.1/../../../../arm-atollic-eabi/lib/armv7e-m/fpu\libc_nano.a
END GROUP
START GROUP
LOAD c:/program files (x86)/atollic/truestudio for stm32 9.2.0/armtools/bin/../lib/gcc/arm-atollic-eabi/6.3.1/armv7e-m/fpu\libgcc.a
LOAD c:/program files (x86)/atollic/truestudio for stm32 9.2.0/armtools/bin/../lib/gcc/arm-atollic-eabi/6.3.1/../../../../arm-atollic-eabi/lib/armv7e-m/fpu\libc_nano.a
LOAD c:/program files (x86)/atollic/truestudio for stm32 9.2.0/armtools/bin/../lib/gcc/arm-atollic-eabi/6.3.1/../../../../arm-atollic-eabi/lib/armv7e-m/fpu\libnosys.a
END GROUP
START GROUP
LOAD c:/program files (x86)/atollic/truestudio for stm32 9.2.0/armtools/bin/../lib/gcc/arm-atollic-eabi/6.3.1/armv7e-m/fpu\libgcc.a
LOAD c:/program files (x86)/atollic/truestudio for stm32 9.2.0/armtools/bin/../lib/gcc/arm-atollic-eabi/6.3.1/../../../../arm-atollic-eabi/lib/armv7e-m/fpu\libc_nano.a
LOAD c:/program files (x86)/atollic/truestudio for stm32 9.2.0/armtools/bin/../lib/gcc/arm-atollic-eabi/6.3.1/../../../../arm-atollic-eabi/lib/armv7e-m/fpu\libnosys.a
END GROUP
LOAD c:/program files (x86)/atollic/truestudio for stm32 9.2.0/armtools/bin/../lib/gcc/arm-atollic-eabi/6.3.1/armv7e-m/fpu/crtend.o
LOAD c:/program files (x86)/atollic/truestudio for stm32 9.2.0/armtools/bin/../lib/gcc/arm-atollic-eabi/6.3.1/armv7e-m/fpu/crtn.o
                0x20003000                _estack = 0x20003000
                0x00000200                _Min_Heap_Size = 0x200
                0x00000400                _Min_Stack_Size = 0x400

.isr_vector     0x08000000      0x188
                0x08000000                . = ALIGN (0x4)
 *(.isr_vector)
 .isr_vector    0x08000000      0x188 Example\SW4STM32\startup_stm32f334x8.o
                0x08000000                g_pfnVectors
                0x08000188                . = ALIGN (0x4)

.text           0x08000188     0x2788
                0x08000188                . = ALIGN (0x4)
 *(.text)
 .text          0x08000188       0x40 c:/program files (x86)/atollic/truestudio for stm32 9.2.0/armtools/bin/../lib/gcc/arm-atollic-eabi/6.3.1/armv7e-m/fpu/crtbegin.o
 *(.text*)
 .text.BSP_LED_Init
                0x080001c8       0xa4 Drivers\BSP\STM32F3348-Discovery\stm32f3348_discovery.o
                0x080001c8                BSP_LED_Init
 .text.BSP_LED_On
                0x0800026c       0x1c Drivers\BSP\STM32F3348-Discovery\stm32f3348_discovery.o
                0x0800026c                BSP_LED_On
 .text.BSP_LED_Off
                0x08000288       0x1c Drivers\BSP\STM32F3348-Discovery\stm32f3348_discovery.o
                0x08000288                BSP_LED_Off
 .text.BSP_PB_Init
                0x080002a4       0x94 Drivers\BSP\STM32F3348-Discovery\stm32f3348_discovery.o
                0x080002a4                BSP_PB_Init
 .text.BSP_PB_GetState
                0x08000338       0x18 Drivers\BSP\STM32F3348-Discovery\stm32f3348_discovery.o
                0x08000338                BSP_PB_GetState
 .text.SystemInit
                0x08000350       0x70 Drivers\CMSIS\system_stm32f3xx.o
                0x08000350                SystemInit
 .text.HAL_MspInit
                0x080003c0        0x4 Drivers\STM32F3xx_HAL_Driver\stm32f3xx_hal.o
                0x080003c0                HAL_MspInit
 .text.HAL_InitTick
                0x080003c4       0x44 Drivers\STM32F3xx_HAL_Driver\stm32f3xx_hal.o
                0x080003c4                HAL_InitTick
 .text.HAL_Init
                0x08000408       0x24 Drivers\STM32F3xx_HAL_Driver\stm32f3xx_hal.o
                0x08000408                HAL_Init
 .text.HAL_IncTick
                0x0800042c       0x18 Drivers\STM32F3xx_HAL_Driver\stm32f3xx_hal.o
                0x0800042c                HAL_IncTick
 .text.HAL_GetTick
                0x08000444        0xc Drivers\STM32F3xx_HAL_Driver\stm32f3xx_hal.o
                0x08000444                HAL_GetTick
 .text.HAL_Delay
                0x08000450       0x24 Drivers\STM32F3xx_HAL_Driver\stm32f3xx_hal.o
                0x08000450                HAL_Delay
 .text.HAL_ADC_Init
                0x08000474      0x264 Drivers\STM32F3xx_HAL_Driver\stm32f3xx_hal_adc_ex.o
                0x08000474                HAL_ADC_Init
 .text.HAL_ADCEx_Calibration_Start
                0x080006d8       0xec Drivers\STM32F3xx_HAL_Driver\stm32f3xx_hal_adc_ex.o
                0x080006d8                HAL_ADCEx_Calibration_Start
 .text.HAL_ADCEx_InjectedStart
                0x080007c4       0xf8 Drivers\STM32F3xx_HAL_Driver\stm32f3xx_hal_adc_ex.o
                0x080007c4                HAL_ADCEx_InjectedStart
 .text.HAL_ADCEx_InjectedGetValue
                0x080008bc       0x2c Drivers\STM32F3xx_HAL_Driver\stm32f3xx_hal_adc_ex.o
                0x080008bc                HAL_ADCEx_InjectedGetValue
 .text.HAL_ADCEx_InjectedConfigChannel
                0x080008e8      0x3f4 Drivers\STM32F3xx_HAL_Driver\stm32f3xx_hal_adc_ex.o
                0x080008e8                HAL_ADCEx_InjectedConfigChannel
 .text.HAL_ADCEx_MultiModeConfigChannel
                0x08000cdc       0xe4 Drivers\STM32F3xx_HAL_Driver\stm32f3xx_hal_adc_ex.o
                0x08000cdc                HAL_ADCEx_MultiModeConfigChannel
 .text.HAL_NVIC_SetPriorityGrouping
                0x08000dc0       0x24 Drivers\STM32F3xx_HAL_Driver\stm32f3xx_hal_cortex.o
                0x08000dc0                HAL_NVIC_SetPriorityGrouping
 .text.HAL_NVIC_SetPriority
                0x08000de4       0x6c Drivers\STM32F3xx_HAL_Driver\stm32f3xx_hal_cortex.o
                0x08000de4                HAL_NVIC_SetPriority
 .text.HAL_NVIC_EnableIRQ
                0x08000e50       0x18 Drivers\STM32F3xx_HAL_Driver\stm32f3xx_hal_cortex.o
                0x08000e50                HAL_NVIC_EnableIRQ
 .text.HAL_SYSTICK_Config
                0x08000e68       0x34 Drivers\STM32F3xx_HAL_Driver\stm32f3xx_hal_cortex.o
                0x08000e68                HAL_SYSTICK_Config
 .text.HAL_GPIO_Init
                0x08000e9c      0x1d4 Drivers\STM32F3xx_HAL_Driver\stm32f3xx_hal_gpio.o
                0x08000e9c                HAL_GPIO_Init
 .text.HAL_GPIO_ReadPin
                0x08001070        0xc Drivers\STM32F3xx_HAL_Driver\stm32f3xx_hal_gpio.o
                0x08001070                HAL_GPIO_ReadPin
 .text.HAL_GPIO_WritePin
                0x0800107c        0xc Drivers\STM32F3xx_HAL_Driver\stm32f3xx_hal_gpio.o
                0x0800107c                HAL_GPIO_WritePin
 .text.HAL_HRTIM_Init
                0x08001088      0x100 Drivers\STM32F3xx_HAL_Driver\stm32f3xx_hal_hrtim.o
                0x08001088                HAL_HRTIM_Init
 .text.HAL_HRTIM_DLLCalibrationStart
                0x08001188       0x4c Drivers\STM32F3xx_HAL_Driver\stm32f3xx_hal_hrtim.o
                0x08001188                HAL_HRTIM_DLLCalibrationStart
 .text.HAL_HRTIM_PollForDLLCalibration
                0x080011d4       0x48 Drivers\STM32F3xx_HAL_Driver\stm32f3xx_hal_hrtim.o
                0x080011d4                HAL_HRTIM_PollForDLLCalibration
 .text.HAL_HRTIM_TimeBaseConfig
                0x0800121c       0x70 Drivers\STM32F3xx_HAL_Driver\stm32f3xx_hal_hrtim.o
                0x0800121c                HAL_HRTIM_TimeBaseConfig
 .text.HAL_HRTIM_FaultConfig
                0x0800128c       0xec Drivers\STM32F3xx_HAL_Driver\stm32f3xx_hal_hrtim.o
                0x0800128c                HAL_HRTIM_FaultConfig
 .text.HAL_HRTIM_FaultModeCtl
                0x08001378       0x5c Drivers\STM32F3xx_HAL_Driver\stm32f3xx_hal_hrtim.o
                0x08001378                HAL_HRTIM_FaultModeCtl
 .text.HAL_HRTIM_ADCTriggerConfig
                0x080013d4       0xa0 Drivers\STM32F3xx_HAL_Driver\stm32f3xx_hal_hrtim.o
                0x080013d4                HAL_HRTIM_ADCTriggerConfig
 .text.HAL_HRTIM_WaveformTimerConfig
                0x08001474      0x288 Drivers\STM32F3xx_HAL_Driver\stm32f3xx_hal_hrtim.o
                0x08001474                HAL_HRTIM_WaveformTimerConfig
 .text.HAL_HRTIM_DeadTimeConfig
                0x080016fc       0x70 Drivers\STM32F3xx_HAL_Driver\stm32f3xx_hal_hrtim.o
                0x080016fc                HAL_HRTIM_DeadTimeConfig
 .text.HAL_HRTIM_WaveformCompareConfig
                0x0800176c      0x130 Drivers\STM32F3xx_HAL_Driver\stm32f3xx_hal_hrtim.o
                0x0800176c                HAL_HRTIM_WaveformCompareConfig
 .text.HAL_HRTIM_WaveformOutputConfig
                0x0800189c       0xf4 Drivers\STM32F3xx_HAL_Driver\stm32f3xx_hal_hrtim.o
                0x0800189c                HAL_HRTIM_WaveformOutputConfig
 .text.HAL_HRTIM_WaveformOutputStart
                0x08001990       0x38 Drivers\STM32F3xx_HAL_Driver\stm32f3xx_hal_hrtim.o
                0x08001990                HAL_HRTIM_WaveformOutputStart
 .text.HAL_HRTIM_WaveformCounterStart_IT
                0x080019c8       0xa4 Drivers\STM32F3xx_HAL_Driver\stm32f3xx_hal_hrtim.o
                0x080019c8                HAL_HRTIM_WaveformCounterStart_IT
 .text.HAL_RCC_OscConfig
                0x08001a6c      0x5a4 Drivers\STM32F3xx_HAL_Driver\stm32f3xx_hal_rcc.o
                0x08001a6c                HAL_RCC_OscConfig
 .text.HAL_RCC_ClockConfig
                0x08002010      0x1b4 Drivers\STM32F3xx_HAL_Driver\stm32f3xx_hal_rcc.o
                0x08002010                HAL_RCC_ClockConfig
 .text.HAL_RCCEx_PeriphCLKConfig
                0x080021c4      0x184 Drivers\STM32F3xx_HAL_Driver\stm32f3xx_hal_rcc_ex.o
                0x080021c4                HAL_RCCEx_PeriphCLKConfig
 .text.Reset_Handler
                0x08002348       0x50 Example\SW4STM32\startup_stm32f334x8.o
                0x08002348                Reset_Handler
 .text.Default_Handler
                0x08002398        0x2 Example\SW4STM32\startup_stm32f334x8.o
                0x08002398                RTC_Alarm_IRQHandler
                0x08002398                HRTIM1_Master_IRQHandler
                0x08002398                TIM1_CC_IRQHandler
                0x08002398                HRTIM1_FLT_IRQHandler
                0x08002398                PVD_IRQHandler
                0x08002398                HRTIM1_TIMD_IRQHandler
                0x08002398                TAMP_STAMP_IRQHandler
                0x08002398                EXTI3_IRQHandler
                0x08002398                EXTI0_IRQHandler
                0x08002398                FPU_IRQHandler
                0x08002398                CAN_TX_IRQHandler
                0x08002398                TIM1_UP_TIM16_IRQHandler
                0x08002398                ADC1_2_IRQHandler
                0x08002398                HRTIM1_TIME_IRQHandler
                0x08002398                SPI1_IRQHandler
                0x08002398                CAN_SCE_IRQHandler
                0x08002398                HRTIM1_TIMC_IRQHandler
                0x08002398                DMA1_Channel4_IRQHandler
                0x08002398                USART3_IRQHandler
                0x08002398                DMA1_Channel7_IRQHandler
                0x08002398                TIM7_DAC2_IRQHandler
                0x08002398                CAN_RX1_IRQHandler
                0x08002398                I2C1_EV_IRQHandler
                0x08002398                DMA1_Channel6_IRQHandler
                0x08002398                TIM3_IRQHandler
                0x08002398                RCC_IRQHandler
                0x08002398                DMA1_Channel1_IRQHandler
                0x08002398                Default_Handler
                0x08002398                EXTI15_10_IRQHandler
                0x08002398                COMP2_IRQHandler
                0x08002398                TIM6_DAC1_IRQHandler
                0x08002398                EXTI9_5_IRQHandler
                0x08002398                RTC_WKUP_IRQHandler
                0x08002398                DMA1_Channel5_IRQHandler
                0x08002398                EXTI4_IRQHandler
                0x08002398                HRTIM1_TIMB_IRQHandler
                0x08002398                TIM1_TRG_COM_TIM17_IRQHandler
                0x08002398                DMA1_Channel3_IRQHandler
                0x08002398                WWDG_IRQHandler
                0x08002398                TIM2_IRQHandler
                0x08002398                EXTI1_IRQHandler
                0x08002398                COMP4_6_IRQHandler
                0x08002398                USART2_IRQHandler
                0x08002398                DMA1_Channel2_IRQHandler
                0x08002398                FLASH_IRQHandler
                0x08002398                USART1_IRQHandler
                0x08002398                CAN_RX0_IRQHandler
                0x08002398                I2C1_ER_IRQHandler
                0x08002398                EXTI2_TSC_IRQHandler
                0x08002398                TIM1_BRK_TIM15_IRQHandler
 *fill*         0x0800239a        0x2 
 .text.startup.main
                0x0800239c      0x3c4 Example\User\main.o
                0x0800239c                main
 .text.HAL_HRTIM_MspInit
                0x08002760       0x74 Example\User\stm32f3xx_hal_msp.o
                0x08002760                HAL_HRTIM_MspInit
 .text.HAL_ADC_MspInit
                0x080027d4       0x68 Example\User\stm32f3xx_hal_msp.o
                0x080027d4                HAL_ADC_MspInit
 .text.NMI_Handler
                0x0800283c        0x4 Example\User\stm32f3xx_it.o
                0x0800283c                NMI_Handler
 .text.HardFault_Handler
                0x08002840        0x4 Example\User\stm32f3xx_it.o
                0x08002840                HardFault_Handler
 .text.MemManage_Handler
                0x08002844        0x4 Example\User\stm32f3xx_it.o
                0x08002844                MemManage_Handler
 .text.BusFault_Handler
                0x08002848        0x4 Example\User\stm32f3xx_it.o
                0x08002848                BusFault_Handler
 .text.UsageFault_Handler
                0x0800284c        0x4 Example\User\stm32f3xx_it.o
                0x0800284c                UsageFault_Handler
 .text.SVC_Handler
                0x08002850        0x4 Example\User\stm32f3xx_it.o
                0x08002850                SVC_Handler
 .text.DebugMon_Handler
                0x08002854        0x4 Example\User\stm32f3xx_it.o
                0x08002854                DebugMon_Handler
 .text.PendSV_Handler
                0x08002858        0x4 Example\User\stm32f3xx_it.o
                0x08002858                PendSV_Handler
 .text.SysTick_Handler
                0x0800285c        0x4 Example\User\stm32f3xx_it.o
                0x0800285c                SysTick_Handler
 .text.HRTIM1_TIMA_IRQHandler
                0x08002860       0x50 Example\User\stm32f3xx_it.o
                0x08002860                HRTIM1_TIMA_IRQHandler
 .text.__libc_init_array
                0x080028b0       0x48 c:/program files (x86)/atollic/truestudio for stm32 9.2.0/armtools/bin/../lib/gcc/arm-atollic-eabi/6.3.1/../../../../arm-atollic-eabi/lib/armv7e-m/fpu\libc_nano.a(lib_a-init.o)
                0x080028b0                __libc_init_array
 *(.glue_7)
 .glue_7        0x080028f8        0x0 linker stubs
 *(.glue_7t)
 .glue_7t       0x080028f8        0x0 linker stubs
 *(.eh_frame)
 .eh_frame      0x080028f8        0x0 c:/program files (x86)/atollic/truestudio for stm32 9.2.0/armtools/bin/../lib/gcc/arm-atollic-eabi/6.3.1/armv7e-m/fpu/crtbegin.o
 *(.init)
 .init          0x080028f8        0x4 c:/program files (x86)/atollic/truestudio for stm32 9.2.0/armtools/bin/../lib/gcc/arm-atollic-eabi/6.3.1/armv7e-m/fpu/crti.o
                0x080028f8                _init
 .init          0x080028fc        0x8 c:/program files (x86)/atollic/truestudio for stm32 9.2.0/armtools/bin/../lib/gcc/arm-atollic-eabi/6.3.1/armv7e-m/fpu/crtn.o
 *(.fini)
 .fini          0x08002904        0x4 c:/program files (x86)/atollic/truestudio for stm32 9.2.0/armtools/bin/../lib/gcc/arm-atollic-eabi/6.3.1/armv7e-m/fpu/crti.o
                0x08002904                _fini
 .fini          0x08002908        0x8 c:/program files (x86)/atollic/truestudio for stm32 9.2.0/armtools/bin/../lib/gcc/arm-atollic-eabi/6.3.1/armv7e-m/fpu/crtn.o
                0x08002910                . = ALIGN (0x4)
                0x08002910                _etext = .

.vfp11_veneer   0x08002910        0x0
 .vfp11_veneer  0x08002910        0x0 linker stubs

.v4_bx          0x08002910        0x0
 .v4_bx         0x08002910        0x0 linker stubs

.iplt           0x08002910        0x0
 .iplt          0x08002910        0x0 c:/program files (x86)/atollic/truestudio for stm32 9.2.0/armtools/bin/../lib/gcc/arm-atollic-eabi/6.3.1/armv7e-m/fpu/crtbegin.o

.rodata         0x08002910       0x48
                0x08002910                . = ALIGN (0x4)
 *(.rodata)
 .rodata        0x08002910        0xe Drivers\BSP\STM32F3348-Discovery\stm32f3348_discovery.o
                0x08002910                LED_PIN
                0x08002918                BUTTON_IRQn
                0x0800291c                BUTTON_PIN
 *fill*         0x0800291e        0x2 
 .rodata        0x08002920       0x18 Drivers\CMSIS\system_stm32f3xx.o
                0x08002920                AHBPrescTable
                0x08002930                APBPrescTable
 .rodata        0x08002938       0x20 Drivers\STM32F3xx_HAL_Driver\stm32f3xx_hal_rcc.o
                0x08002938                aPLLMULFactorTable
                0x08002948                aPredivFactorTable
 *(.rodata*)
                0x08002958                . = ALIGN (0x4)

.rel.dyn        0x08002958        0x0
 .rel.iplt      0x08002958        0x0 c:/program files (x86)/atollic/truestudio for stm32 9.2.0/armtools/bin/../lib/gcc/arm-atollic-eabi/6.3.1/armv7e-m/fpu/crtbegin.o

.ARM.extab
 *(.ARM.extab* .gnu.linkonce.armextab.*)

.ARM            0x08002958        0x0
                0x08002958                __exidx_start = .
 *(.ARM.exidx*)
                0x08002958                __exidx_end = .

.preinit_array  0x08002958        0x0
                0x08002958                PROVIDE (__preinit_array_start, .)
 *(.preinit_array*)
                0x08002958                PROVIDE (__preinit_array_end, .)

.init_array     0x08002958        0x4
                0x08002958                PROVIDE (__init_array_start, .)
 *(SORT(.init_array.*))
 *(.init_array*)
 .init_array    0x08002958        0x4 c:/program files (x86)/atollic/truestudio for stm32 9.2.0/armtools/bin/../lib/gcc/arm-atollic-eabi/6.3.1/armv7e-m/fpu/crtbegin.o
                0x0800295c                PROVIDE (__init_array_end, .)

.fini_array     0x0800295c        0x4
                [!provide]                PROVIDE (__fini_array_start, .)
 *(SORT(.fini_array.*))
 *(.fini_array*)
 .fini_array    0x0800295c        0x4 c:/program files (x86)/atollic/truestudio for stm32 9.2.0/armtools/bin/../lib/gcc/arm-atollic-eabi/6.3.1/armv7e-m/fpu/crtbegin.o
                [!provide]                PROVIDE (__fini_array_end, .)
                0x08002960                _sidata = LOADADDR (.data)

.data           0x20000000       0x20 load address 0x08002960
                0x20000000                . = ALIGN (0x4)
                0x20000000                _sdata = .
 *(.data)
 .data          0x20000000       0x14 Drivers\BSP\STM32F3348-Discovery\stm32f3348_discovery.o
                0x20000000                LED_PORT
                0x20000010                BUTTON_PORT
 .data          0x20000014        0x4 Drivers\CMSIS\system_stm32f3xx.o
                0x20000014                SystemCoreClock
 .data          0x20000018        0x8 Drivers\STM32F3xx_HAL_Driver\stm32f3xx_hal.o
                0x20000018                uwTickFreq
                0x2000001c                uwTickPrio
 *(.data*)
                0x20000020                . = ALIGN (0x4)
                0x20000020                _edata = .
                0x08002980                _siccmram = LOADADDR (.ccmram)

.igot.plt       0x20000020        0x0 load address 0x08002980
 .igot.plt      0x20000020        0x0 c:/program files (x86)/atollic/truestudio for stm32 9.2.0/armtools/bin/../lib/gcc/arm-atollic-eabi/6.3.1/armv7e-m/fpu/crtbegin.o

.ccmram         0x10000000        0x0 load address 0x08002980
                0x10000000                . = ALIGN (0x4)
                0x10000000                _sccmram = .
 *(.ccmram)
 *(.ccmram*)
                0x10000000                . = ALIGN (0x4)
                0x10000000                _eccmram = .
                0x10000000                . = ALIGN (0x4)

.bss            0x20000020      0x158
                0x20000020                _sbss = .
                0x20000020                __bss_start__ = _sbss
 *(.bss)
 .bss           0x20000020       0x1c c:/program files (x86)/atollic/truestudio for stm32 9.2.0/armtools/bin/../lib/gcc/arm-atollic-eabi/6.3.1/armv7e-m/fpu/crtbegin.o
 *(.bss*)
 *(COMMON)
 COMMON         0x2000003c        0x4 Drivers\STM32F3xx_HAL_Driver\stm32f3xx_hal.o
                0x2000003c                uwTick
 COMMON         0x20000040      0x138 Example\User\main.o
                0x20000040                Vout
                0x20000044                AdcHandle
                0x20000098                hhrtim
                0x20000174                Vin
                0x20000178                . = ALIGN (0x4)
                0x20000178                _ebss = .
                0x20000178                __bss_end__ = _ebss

._user_heap_stack
                0x20000178      0x600
                0x20000178                . = ALIGN (0x8)
                [!provide]                PROVIDE (end, .)
                [!provide]                PROVIDE (_end, .)
                0x20000378                . = (. + _Min_Heap_Size)
 *fill*         0x20000178      0x200 
                0x20000778                . = (. + _Min_Stack_Size)
 *fill*         0x20000378      0x400 
                0x20000778                . = ALIGN (0x8)

/DISCARD/
 libc.a(*)
 libm.a(*)
 libgcc.a(*)

.ARM.attributes
                0x00000000       0x30
 *(.ARM.attributes)
 .ARM.attributes
                0x00000000       0x22 c:/program files (x86)/atollic/truestudio for stm32 9.2.0/armtools/bin/../lib/gcc/arm-atollic-eabi/6.3.1/armv7e-m/fpu/crti.o
 .ARM.attributes
                0x00000022       0x34 c:/program files (x86)/atollic/truestudio for stm32 9.2.0/armtools/bin/../lib/gcc/arm-atollic-eabi/6.3.1/armv7e-m/fpu/crtbegin.o
 .ARM.attributes
                0x00000056       0x39 Drivers\BSP\STM32F3348-Discovery\stm32f3348_discovery.o
 .ARM.attributes
                0x0000008f       0x39 Drivers\CMSIS\system_stm32f3xx.o
 .ARM.attributes
                0x000000c8       0x39 Drivers\STM32F3xx_HAL_Driver\stm32f3xx_hal.o
 .ARM.attributes
                0x00000101       0x39 Drivers\STM32F3xx_HAL_Driver\stm32f3xx_hal_adc_ex.o
 .ARM.attributes
                0x0000013a       0x39 Drivers\STM32F3xx_HAL_Driver\stm32f3xx_hal_cortex.o
 .ARM.attributes
                0x00000173       0x39 Drivers\STM32F3xx_HAL_Driver\stm32f3xx_hal_gpio.o
 .ARM.attributes
                0x000001ac       0x39 Drivers\STM32F3xx_HAL_Driver\stm32f3xx_hal_hrtim.o
 .ARM.attributes
                0x000001e5       0x39 Drivers\STM32F3xx_HAL_Driver\stm32f3xx_hal_rcc.o
 .ARM.attributes
                0x0000021e       0x39 Drivers\STM32F3xx_HAL_Driver\stm32f3xx_hal_rcc_ex.o
 .ARM.attributes
                0x00000257       0x21 Example\SW4STM32\startup_stm32f334x8.o
 .ARM.attributes
                0x00000278       0x39 Example\User\main.o
 .ARM.attributes
                0x000002b1       0x39 Example\User\stm32f3xx_hal_msp.o
 .ARM.attributes
                0x000002ea       0x39 Example\User\stm32f3xx_it.o
 .ARM.attributes
                0x00000323       0x34 c:/program files (x86)/atollic/truestudio for stm32 9.2.0/armtools/bin/../lib/gcc/arm-atollic-eabi/6.3.1/../../../../arm-atollic-eabi/lib/armv7e-m/fpu\libc_nano.a(lib_a-init.o)
 .ARM.attributes
                0x00000357       0x22 c:/program files (x86)/atollic/truestudio for stm32 9.2.0/armtools/bin/../lib/gcc/arm-atollic-eabi/6.3.1/armv7e-m/fpu/crtn.o
OUTPUT(STM32F3348-Discovery.elf elf32-littlearm)

.debug_info     0x00000000    0x14311
 .debug_info    0x00000000     0x10ff Drivers\BSP\STM32F3348-Discovery\stm32f3348_discovery.o
 .debug_info    0x000010ff      0xc78 Drivers\CMSIS\system_stm32f3xx.o
 .debug_info    0x00001d77     0x1058 Drivers\STM32F3xx_HAL_Driver\stm32f3xx_hal.o
 .debug_info    0x00002dcf     0x2853 Drivers\STM32F3xx_HAL_Driver\stm32f3xx_hal_adc_ex.o
 .debug_info    0x00005622     0x14f0 Drivers\STM32F3xx_HAL_Driver\stm32f3xx_hal_cortex.o
 .debug_info    0x00006b12      0xff2 Drivers\STM32F3xx_HAL_Driver\stm32f3xx_hal_gpio.o
 .debug_info    0x00007b04     0x498c Drivers\STM32F3xx_HAL_Driver\stm32f3xx_hal_hrtim.o
 .debug_info    0x0000c490     0x1ccb Drivers\STM32F3xx_HAL_Driver\stm32f3xx_hal_rcc.o
 .debug_info    0x0000e15b      0xee7 Drivers\STM32F3xx_HAL_Driver\stm32f3xx_hal_rcc_ex.o
 .debug_info    0x0000f042       0xd8 Example\SW4STM32\startup_stm32f334x8.o
 .debug_info    0x0000f11a     0x24d1 Example\User\main.o
 .debug_info    0x000115eb     0x1a2e Example\User\stm32f3xx_hal_msp.o
 .debug_info    0x00013019     0x12f8 Example\User\stm32f3xx_it.o

.debug_abbrev   0x00000000     0x22ef
 .debug_abbrev  0x00000000      0x27b Drivers\BSP\STM32F3348-Discovery\stm32f3348_discovery.o
 .debug_abbrev  0x0000027b      0x1e5 Drivers\CMSIS\system_stm32f3xx.o
 .debug_abbrev  0x00000460      0x2f8 Drivers\STM32F3xx_HAL_Driver\stm32f3xx_hal.o
 .debug_abbrev  0x00000758      0x3a0 Drivers\STM32F3xx_HAL_Driver\stm32f3xx_hal_adc_ex.o
 .debug_abbrev  0x00000af8      0x377 Drivers\STM32F3xx_HAL_Driver\stm32f3xx_hal_cortex.o
 .debug_abbrev  0x00000e6f      0x27a Drivers\STM32F3xx_HAL_Driver\stm32f3xx_hal_gpio.o
 .debug_abbrev  0x000010e9      0x3c1 Drivers\STM32F3xx_HAL_Driver\stm32f3xx_hal_hrtim.o
 .debug_abbrev  0x000014aa      0x38b Drivers\STM32F3xx_HAL_Driver\stm32f3xx_hal_rcc.o
 .debug_abbrev  0x00001835      0x319 Drivers\STM32F3xx_HAL_Driver\stm32f3xx_hal_rcc_ex.o
 .debug_abbrev  0x00001b4e       0x12 Example\SW4STM32\startup_stm32f334x8.o
 .debug_abbrev  0x00001b60      0x2e5 Example\User\main.o
 .debug_abbrev  0x00001e45      0x22e Example\User\stm32f3xx_hal_msp.o
 .debug_abbrev  0x00002073      0x27c Example\User\stm32f3xx_it.o

.debug_loc      0x00000000     0xc306
 .debug_loc     0x00000000      0x124 Drivers\BSP\STM32F3348-Discovery\stm32f3348_discovery.o
 .debug_loc     0x00000124      0x109 Drivers\CMSIS\system_stm32f3xx.o
 .debug_loc     0x0000022d      0x10d Drivers\STM32F3xx_HAL_Driver\stm32f3xx_hal.o
 .debug_loc     0x0000033a     0x2b2b Drivers\STM32F3xx_HAL_Driver\stm32f3xx_hal_adc_ex.o
 .debug_loc     0x00002e65      0x619 Drivers\STM32F3xx_HAL_Driver\stm32f3xx_hal_cortex.o
 .debug_loc     0x0000347e      0x3ba Drivers\STM32F3xx_HAL_Driver\stm32f3xx_hal_gpio.o
 .debug_loc     0x00003838     0x7b35 Drivers\STM32F3xx_HAL_Driver\stm32f3xx_hal_hrtim.o
 .debug_loc     0x0000b36d      0xa5c Drivers\STM32F3xx_HAL_Driver\stm32f3xx_hal_rcc.o
 .debug_loc     0x0000bdc9      0x4dd Drivers\STM32F3xx_HAL_Driver\stm32f3xx_hal_rcc_ex.o
 .debug_loc     0x0000c2a6       0x42 Example\User\stm32f3xx_hal_msp.o
 .debug_loc     0x0000c2e8       0x1e Example\User\stm32f3xx_it.o

.debug_aranges  0x00000000      0x780
 .debug_aranges
                0x00000000       0x50 Drivers\BSP\STM32F3348-Discovery\stm32f3348_discovery.o
 .debug_aranges
                0x00000050       0x28 Drivers\CMSIS\system_stm32f3xx.o
 .debug_aranges
                0x00000078       0xd8 Drivers\STM32F3xx_HAL_Driver\stm32f3xx_hal.o
 .debug_aranges
                0x00000150      0x140 Drivers\STM32F3xx_HAL_Driver\stm32f3xx_hal_adc_ex.o
 .debug_aranges
                0x00000290       0x90 Drivers\STM32F3xx_HAL_Driver\stm32f3xx_hal_cortex.o
 .debug_aranges
                0x00000320       0x58 Drivers\STM32F3xx_HAL_Driver\stm32f3xx_hal_gpio.o
 .debug_aranges
                0x00000378      0x290 Drivers\STM32F3xx_HAL_Driver\stm32f3xx_hal_hrtim.o
 .debug_aranges
                0x00000608       0x88 Drivers\STM32F3xx_HAL_Driver\stm32f3xx_hal_rcc.o
 .debug_aranges
                0x00000690       0x30 Drivers\STM32F3xx_HAL_Driver\stm32f3xx_hal_rcc_ex.o
 .debug_aranges
                0x000006c0       0x28 Example\SW4STM32\startup_stm32f334x8.o
 .debug_aranges
                0x000006e8       0x20 Example\User\main.o
 .debug_aranges
                0x00000708       0x28 Example\User\stm32f3xx_hal_msp.o
 .debug_aranges
                0x00000730       0x50 Example\User\stm32f3xx_it.o

.debug_ranges   0x00000000     0x15d8
 .debug_ranges  0x00000000       0x40 Drivers\BSP\STM32F3348-Discovery\stm32f3348_discovery.o
 .debug_ranges  0x00000040       0x18 Drivers\CMSIS\system_stm32f3xx.o
 .debug_ranges  0x00000058       0xc8 Drivers\STM32F3xx_HAL_Driver\stm32f3xx_hal.o
 .debug_ranges  0x00000120      0x5e8 Drivers\STM32F3xx_HAL_Driver\stm32f3xx_hal_adc_ex.o
 .debug_ranges  0x00000708      0x148 Drivers\STM32F3xx_HAL_Driver\stm32f3xx_hal_cortex.o
 .debug_ranges  0x00000850       0x60 Drivers\STM32F3xx_HAL_Driver\stm32f3xx_hal_gpio.o
 .debug_ranges  0x000008b0      0x888 Drivers\STM32F3xx_HAL_Driver\stm32f3xx_hal_hrtim.o
 .debug_ranges  0x00001138      0x280 Drivers\STM32F3xx_HAL_Driver\stm32f3xx_hal_rcc.o
 .debug_ranges  0x000013b8       0xb0 Drivers\STM32F3xx_HAL_Driver\stm32f3xx_hal_rcc_ex.o
 .debug_ranges  0x00001468       0x20 Example\SW4STM32\startup_stm32f334x8.o
 .debug_ranges  0x00001488       0x98 Example\User\main.o
 .debug_ranges  0x00001520       0x78 Example\User\stm32f3xx_hal_msp.o
 .debug_ranges  0x00001598       0x40 Example\User\stm32f3xx_it.o

.debug_macro    0x00000000    0x21c0c
 .debug_macro   0x00000000      0x438 Drivers\BSP\STM32F3348-Discovery\stm32f3348_discovery.o
 .debug_macro   0x00000438      0x8b0 Drivers\BSP\STM32F3348-Discovery\stm32f3348_discovery.o
 .debug_macro   0x00000ce8      0x104 Drivers\BSP\STM32F3348-Discovery\stm32f3348_discovery.o
 .debug_macro   0x00000dec       0x2f Drivers\BSP\STM32F3348-Discovery\stm32f3348_discovery.o
 .debug_macro   0x00000e1b       0x28 Drivers\BSP\STM32F3348-Discovery\stm32f3348_discovery.o
 .debug_macro   0x00000e43       0x22 Drivers\BSP\STM32F3348-Discovery\stm32f3348_discovery.o
 .debug_macro   0x00000e65       0x87 Drivers\BSP\STM32F3348-Discovery\stm32f3348_discovery.o
 .debug_macro   0x00000eec       0x51 Drivers\BSP\STM32F3348-Discovery\stm32f3348_discovery.o
 .debug_macro   0x00000f3d       0xef Drivers\BSP\STM32F3348-Discovery\stm32f3348_discovery.o
 .debug_macro   0x0000102c       0x6a Drivers\BSP\STM32F3348-Discovery\stm32f3348_discovery.o
 .debug_macro   0x00001096      0x1df Drivers\BSP\STM32F3348-Discovery\stm32f3348_discovery.o
 .debug_macro   0x00001275       0x35 Drivers\BSP\STM32F3348-Discovery\stm32f3348_discovery.o
 .debug_macro   0x000012aa       0x50 Drivers\BSP\STM32F3348-Discovery\stm32f3348_discovery.o
 .debug_macro   0x000012fa      0xd40 Drivers\BSP\STM32F3348-Discovery\stm32f3348_discovery.o
 .debug_macro   0x0000203a    0x1546b Drivers\BSP\STM32F3348-Discovery\stm32f3348_discovery.o
 .debug_macro   0x000174a5       0x43 Drivers\BSP\STM32F3348-Discovery\stm32f3348_discovery.o
 .debug_macro   0x000174e8       0x46 Drivers\BSP\STM32F3348-Discovery\stm32f3348_discovery.o
 .debug_macro   0x0001752e       0x3c Drivers\BSP\STM32F3348-Discovery\stm32f3348_discovery.o
 .debug_macro   0x0001756a       0x9c Drivers\BSP\STM32F3348-Discovery\stm32f3348_discovery.o
 .debug_macro   0x00017606       0x16 Drivers\BSP\STM32F3348-Discovery\stm32f3348_discovery.o
 .debug_macro   0x0001761c       0x97 Drivers\BSP\STM32F3348-Discovery\stm32f3348_discovery.o
 .debug_macro   0x000176b3      0x30d Drivers\BSP\STM32F3348-Discovery\stm32f3348_discovery.o
 .debug_macro   0x000179c0       0xfd Drivers\BSP\STM32F3348-Discovery\stm32f3348_discovery.o
 .debug_macro   0x00017abd       0x10 Drivers\BSP\STM32F3348-Discovery\stm32f3348_discovery.o
 .debug_macro   0x00017acd       0x52 Drivers\BSP\STM32F3348-Discovery\stm32f3348_discovery.o
 .debug_macro   0x00017b1f       0x1f Drivers\BSP\STM32F3348-Discovery\stm32f3348_discovery.o
 .debug_macro   0x00017b3e       0x43 Drivers\BSP\STM32F3348-Discovery\stm32f3348_discovery.o
 .debug_macro   0x00017b81       0x20 Drivers\BSP\STM32F3348-Discovery\stm32f3348_discovery.o
 .debug_macro   0x00017ba1      0x1a3 Drivers\BSP\STM32F3348-Discovery\stm32f3348_discovery.o
 .debug_macro   0x00017d44       0x10 Drivers\BSP\STM32F3348-Discovery\stm32f3348_discovery.o
 .debug_macro   0x00017d54       0x1c Drivers\BSP\STM32F3348-Discovery\stm32f3348_discovery.o
 .debug_macro   0x00017d70       0x52 Drivers\BSP\STM32F3348-Discovery\stm32f3348_discovery.o
 .debug_macro   0x00017dc2       0x40 Drivers\BSP\STM32F3348-Discovery\stm32f3348_discovery.o
 .debug_macro   0x00017e02       0x10 Drivers\BSP\STM32F3348-Discovery\stm32f3348_discovery.o
 .debug_macro   0x00017e12       0x40 Drivers\BSP\STM32F3348-Discovery\stm32f3348_discovery.o
 .debug_macro   0x00017e52       0xd7 Drivers\BSP\STM32F3348-Discovery\stm32f3348_discovery.o
 .debug_macro   0x00017f29       0x16 Drivers\BSP\STM32F3348-Discovery\stm32f3348_discovery.o
 .debug_macro   0x00017f3f      0x161 Drivers\BSP\STM32F3348-Discovery\stm32f3348_discovery.o
 .debug_macro   0x000180a0       0x50 Drivers\BSP\STM32F3348-Discovery\stm32f3348_discovery.o
 .debug_macro   0x000180f0      0x8ff Drivers\BSP\STM32F3348-Discovery\stm32f3348_discovery.o
 .debug_macro   0x000189ef      0x358 Drivers\BSP\STM32F3348-Discovery\stm32f3348_discovery.o
 .debug_macro   0x00018d47      0x13a Drivers\BSP\STM32F3348-Discovery\stm32f3348_discovery.o
 .debug_macro   0x00018e81      0x130 Drivers\BSP\STM32F3348-Discovery\stm32f3348_discovery.o
 .debug_macro   0x00018fb1      0x1bc Drivers\BSP\STM32F3348-Discovery\stm32f3348_discovery.o
 .debug_macro   0x0001916d       0x34 Drivers\BSP\STM32F3348-Discovery\stm32f3348_discovery.o
 .debug_macro   0x000191a1       0x3c Drivers\BSP\STM32F3348-Discovery\stm32f3348_discovery.o
 .debug_macro   0x000191dd       0x57 Drivers\BSP\STM32F3348-Discovery\stm32f3348_discovery.o
 .debug_macro   0x00019234      0x84c Drivers\BSP\STM32F3348-Discovery\stm32f3348_discovery.o
 .debug_macro   0x00019a80       0x77 Drivers\BSP\STM32F3348-Discovery\stm32f3348_discovery.o
 .debug_macro   0x00019af7      0x40f Drivers\BSP\STM32F3348-Discovery\stm32f3348_discovery.o
 .debug_macro   0x00019f06       0x65 Drivers\BSP\STM32F3348-Discovery\stm32f3348_discovery.o
 .debug_macro   0x00019f6b      0x340 Drivers\BSP\STM32F3348-Discovery\stm32f3348_discovery.o
 .debug_macro   0x0001a2ab       0x12 Drivers\BSP\STM32F3348-Discovery\stm32f3348_discovery.o
 .debug_macro   0x0001a2bd       0xc7 Drivers\BSP\STM32F3348-Discovery\stm32f3348_discovery.o
 .debug_macro   0x0001a384       0x4d Drivers\BSP\STM32F3348-Discovery\stm32f3348_discovery.o
 .debug_macro   0x0001a3d1       0x12 Drivers\BSP\STM32F3348-Discovery\stm32f3348_discovery.o
 .debug_macro   0x0001a3e3      0x187 Drivers\BSP\STM32F3348-Discovery\stm32f3348_discovery.o
 .debug_macro   0x0001a56a       0x73 Drivers\BSP\STM32F3348-Discovery\stm32f3348_discovery.o
 .debug_macro   0x0001a5dd       0xcb Drivers\BSP\STM32F3348-Discovery\stm32f3348_discovery.o
 .debug_macro   0x0001a6a8      0x1a0 Drivers\BSP\STM32F3348-Discovery\stm32f3348_discovery.o
 .debug_macro   0x0001a848     0x168a Drivers\BSP\STM32F3348-Discovery\stm32f3348_discovery.o
 .debug_macro   0x0001bed2      0x209 Drivers\BSP\STM32F3348-Discovery\stm32f3348_discovery.o
 .debug_macro   0x0001c0db       0x5b Drivers\BSP\STM32F3348-Discovery\stm32f3348_discovery.o
 .debug_macro   0x0001c136       0x90 Drivers\BSP\STM32F3348-Discovery\stm32f3348_discovery.o
 .debug_macro   0x0001c1c6      0x264 Drivers\BSP\STM32F3348-Discovery\stm32f3348_discovery.o
 .debug_macro   0x0001c42a       0x31 Drivers\BSP\STM32F3348-Discovery\stm32f3348_discovery.o
 .debug_macro   0x0001c45b       0x87 Drivers\BSP\STM32F3348-Discovery\stm32f3348_discovery.o
 .debug_macro   0x0001c4e2       0x82 Drivers\BSP\STM32F3348-Discovery\stm32f3348_discovery.o
 .debug_macro   0x0001c564       0xd3 Drivers\BSP\STM32F3348-Discovery\stm32f3348_discovery.o
 .debug_macro   0x0001c637      0x2fe Drivers\BSP\STM32F3348-Discovery\stm32f3348_discovery.o
 .debug_macro   0x0001c935      0x388 Drivers\BSP\STM32F3348-Discovery\stm32f3348_discovery.o
 .debug_macro   0x0001ccbd       0xeb Drivers\BSP\STM32F3348-Discovery\stm32f3348_discovery.o
 .debug_macro   0x0001cda8      0x391 Drivers\BSP\STM32F3348-Discovery\stm32f3348_discovery.o
 .debug_macro   0x0001d139       0x10 Drivers\BSP\STM32F3348-Discovery\stm32f3348_discovery.o
 .debug_macro   0x0001d149      0x356 Drivers\BSP\STM32F3348-Discovery\stm32f3348_discovery.o
 .debug_macro   0x0001d49f      0x2e9 Drivers\BSP\STM32F3348-Discovery\stm32f3348_discovery.o
 .debug_macro   0x0001d788      0x6af Drivers\BSP\STM32F3348-Discovery\stm32f3348_discovery.o
 .debug_macro   0x0001de37      0x352 Drivers\BSP\STM32F3348-Discovery\stm32f3348_discovery.o
 .debug_macro   0x0001e189      0x566 Drivers\BSP\STM32F3348-Discovery\stm32f3348_discovery.o
 .debug_macro   0x0001e6ef       0x31 Drivers\BSP\STM32F3348-Discovery\stm32f3348_discovery.o
 .debug_macro   0x0001e720      0x25d Drivers\BSP\STM32F3348-Discovery\stm32f3348_discovery.o
 .debug_macro   0x0001e97d       0x30 Drivers\BSP\STM32F3348-Discovery\stm32f3348_discovery.o
 .debug_macro   0x0001e9ad       0x89 Drivers\BSP\STM32F3348-Discovery\stm32f3348_discovery.o
 .debug_macro   0x0001ea36      0x2a8 Drivers\BSP\STM32F3348-Discovery\stm32f3348_discovery.o
 .debug_macro   0x0001ecde       0xc1 Drivers\BSP\STM32F3348-Discovery\stm32f3348_discovery.o
 .debug_macro   0x0001ed9f      0x411 Drivers\CMSIS\system_stm32f3xx.o
 .debug_macro   0x0001f1b0      0x42f Drivers\STM32F3xx_HAL_Driver\stm32f3xx_hal.o
 .debug_macro   0x0001f5df      0x435 Drivers\STM32F3xx_HAL_Driver\stm32f3xx_hal_adc_ex.o
 .debug_macro   0x0001fa14      0x40b Drivers\STM32F3xx_HAL_Driver\stm32f3xx_hal_cortex.o
 .debug_macro   0x0001fe1f      0x443 Drivers\STM32F3xx_HAL_Driver\stm32f3xx_hal_gpio.o
 .debug_macro   0x00020262      0x41a Drivers\STM32F3xx_HAL_Driver\stm32f3xx_hal_hrtim.o
 .debug_macro   0x0002067c      0x42f Drivers\STM32F3xx_HAL_Driver\stm32f3xx_hal_rcc.o
 .debug_macro   0x00020aab      0x40b Drivers\STM32F3xx_HAL_Driver\stm32f3xx_hal_rcc_ex.o
 .debug_macro   0x00020eb6      0x429 Example\User\main.o
 .debug_macro   0x000212df       0xc7 Example\User\main.o
 .debug_macro   0x000213a6       0x16 Example\User\main.o
 .debug_macro   0x000213bc      0x423 Example\User\stm32f3xx_hal_msp.o
 .debug_macro   0x000217df      0x42d Example\User\stm32f3xx_it.o

.debug_line     0x00000000     0xbb1d
 .debug_line    0x00000000      0xa64 Drivers\BSP\STM32F3348-Discovery\stm32f3348_discovery.o
 .debug_line    0x00000a64      0x996 Drivers\CMSIS\system_stm32f3xx.o
 .debug_line    0x000013fa      0xb35 Drivers\STM32F3xx_HAL_Driver\stm32f3xx_hal.o
 .debug_line    0x00001f2f     0x1c85 Drivers\STM32F3xx_HAL_Driver\stm32f3xx_hal_adc_ex.o
 .debug_line    0x00003bb4      0xb59 Drivers\STM32F3xx_HAL_Driver\stm32f3xx_hal_cortex.o
 .debug_line    0x0000470d      0xb28 Drivers\STM32F3xx_HAL_Driver\stm32f3xx_hal_gpio.o
 .debug_line    0x00005235     0x2e5a Drivers\STM32F3xx_HAL_Driver\stm32f3xx_hal_hrtim.o
 .debug_line    0x0000808f      0xfc9 Drivers\STM32F3xx_HAL_Driver\stm32f3xx_hal_rcc.o
 .debug_line    0x00009058      0xb40 Drivers\STM32F3xx_HAL_Driver\stm32f3xx_hal_rcc_ex.o
 .debug_line    0x00009b98       0x7a Example\SW4STM32\startup_stm32f334x8.o
 .debug_line    0x00009c12      0xae7 Example\User\main.o
 .debug_line    0x0000a6f9      0x9f2 Example\User\stm32f3xx_hal_msp.o
 .debug_line    0x0000b0eb      0xa32 Example\User\stm32f3xx_it.o

.debug_str      0x00000000    0xd51e8
 .debug_str     0x00000000    0xd1844 Drivers\BSP\STM32F3348-Discovery\stm32f3348_discovery.o
                              0xd1b90 (size before relaxing)
 .debug_str     0x000d1844       0xd2 Drivers\CMSIS\system_stm32f3xx.o
                              0xd0eeb (size before relaxing)
 .debug_str     0x000d1916      0x443 Drivers\STM32F3xx_HAL_Driver\stm32f3xx_hal.o
                              0xd15e9 (size before relaxing)
 .debug_str     0x000d1d59      0xcfb Drivers\STM32F3xx_HAL_Driver\stm32f3xx_hal_adc_ex.o
                              0xd1bed (size before relaxing)
 .debug_str     0x000d2a54      0x253 Drivers\STM32F3xx_HAL_Driver\stm32f3xx_hal_cortex.o
                              0xd157c (size before relaxing)
 .debug_str     0x000d2ca7      0x226 Drivers\STM32F3xx_HAL_Driver\stm32f3xx_hal_gpio.o
                              0xd11c9 (size before relaxing)
 .debug_str     0x000d2ecd     0x1ae7 Drivers\STM32F3xx_HAL_Driver\stm32f3xx_hal_hrtim.o
                              0xd2c5e (size before relaxing)
 .debug_str     0x000d49b4      0x413 Drivers\STM32F3xx_HAL_Driver\stm32f3xx_hal_rcc.o
                              0xd1361 (size before relaxing)
 .debug_str     0x000d4dc7      0x19f Drivers\STM32F3xx_HAL_Driver\stm32f3xx_hal_rcc_ex.o
                              0xd10bb (size before relaxing)
 .debug_str     0x000d4f66      0x180 Example\User\main.o
                              0xd2686 (size before relaxing)
 .debug_str     0x000d50e6       0x21 Example\User\stm32f3xx_hal_msp.o
                              0xd2194 (size before relaxing)
 .debug_str     0x000d5107       0xe1 Example\User\stm32f3xx_it.o
                              0xd1b3e (size before relaxing)

.comment        0x00000000       0x7c
 .comment       0x00000000       0x7c Drivers\BSP\STM32F3348-Discovery\stm32f3348_discovery.o
                                 0x7d (size before relaxing)
 .comment       0x0000007c       0x7d Drivers\CMSIS\system_stm32f3xx.o
 .comment       0x0000007c       0x7d Drivers\STM32F3xx_HAL_Driver\stm32f3xx_hal.o
 .comment       0x0000007c       0x7d Drivers\STM32F3xx_HAL_Driver\stm32f3xx_hal_adc_ex.o
 .comment       0x0000007c       0x7d Drivers\STM32F3xx_HAL_Driver\stm32f3xx_hal_cortex.o
 .comment       0x0000007c       0x7d Drivers\STM32F3xx_HAL_Driver\stm32f3xx_hal_gpio.o
 .comment       0x0000007c       0x7d Drivers\STM32F3xx_HAL_Driver\stm32f3xx_hal_hrtim.o
 .comment       0x0000007c       0x7d Drivers\STM32F3xx_HAL_Driver\stm32f3xx_hal_rcc.o
 .comment       0x0000007c       0x7d Drivers\STM32F3xx_HAL_Driver\stm32f3xx_hal_rcc_ex.o
 .comment       0x0000007c       0x7d Example\User\main.o
 .comment       0x0000007c       0x7d Example\User\stm32f3xx_hal_msp.o
 .comment       0x0000007c       0x7d Example\User\stm32f3xx_it.o

.debug_frame    0x00000000     0x1994
 .debug_frame   0x00000000       0xb8 Drivers\BSP\STM32F3348-Discovery\stm32f3348_discovery.o
 .debug_frame   0x000000b8       0x3c Drivers\CMSIS\system_stm32f3xx.o
 .debug_frame   0x000000f4      0x1d0 Drivers\STM32F3xx_HAL_Driver\stm32f3xx_hal.o
 .debug_frame   0x000002c4      0x4a8 Drivers\STM32F3xx_HAL_Driver\stm32f3xx_hal_adc_ex.o
 .debug_frame   0x0000076c      0x140 Drivers\STM32F3xx_HAL_Driver\stm32f3xx_hal_cortex.o
 .debug_frame   0x000008ac       0xf8 Drivers\STM32F3xx_HAL_Driver\stm32f3xx_hal_gpio.o
 .debug_frame   0x000009a4      0xc6c Drivers\STM32F3xx_HAL_Driver\stm32f3xx_hal_hrtim.o
 .debug_frame   0x00001610      0x178 Drivers\STM32F3xx_HAL_Driver\stm32f3xx_hal_rcc.o
 .debug_frame   0x00001788       0x98 Drivers\STM32F3xx_HAL_Driver\stm32f3xx_hal_rcc_ex.o
 .debug_frame   0x00001820       0x30 Example\User\main.o
 .debug_frame   0x00001850       0x54 Example\User\stm32f3xx_hal_msp.o
 .debug_frame   0x000018a4       0xc4 Example\User\stm32f3xx_it.o
 .debug_frame   0x00001968       0x2c c:/program files (x86)/atollic/truestudio for stm32 9.2.0/armtools/bin/../lib/gcc/arm-atollic-eabi/6.3.1/../../../../arm-atollic-eabi/lib/armv7e-m/fpu\libc_nano.a(lib_a-init.o)
